holaxDLog started: 2021-07-06 06:11
 CORRECT DATABASE
 IPN class loaded
 IPN INIT
 IPN SETUP CORRECTLYLog started: 2021-07-06 06:19
 CORRECT DATABASE
 IPN class loaded
 IPN INIT
 IPN SETUP CORRECTLYLog started: 2021-07-06 06:20
 CORRECT DATABASE
 IPN class loaded
 IPN INIT
 IPN SETUP CORRECTLYLog started: 2021-07-06 06:32
 CORRECT DATABASE
 IPN class loaded
 IPN INIT
 IPN SETUP CORRECTLYLog started: 2021-07-06 06:41
 CORRECT DATABASE
 IPN class loaded
 IPN INIT
 IPN SETUP CORRECTLYLog started: 2021-07-06 06:59
 CORRECT DATABASE
 IPN class loaded
 IPN INIT
 IPN SETUP CORRECTLYLog started: 2021-07-07 14:45
 CORRECT DATABASE
 IPN class loaded
 IPN INIT
 IPN SETUP CORRECTLYLog started: 2021-07-08 05:23
 CORRECT DATABASE
 IPN class loaded
 IPN INIT
 IPN SETUP CORRECTLYLog started: 2021-07-12 19:51
 CORRECT DATABASE
 IPN class loaded
 IPN INIT
 IPN SETUP CORRECTLYLog started: 2021-07-12 20:03
 CORRECT DATABASE
 IPN class loaded
 IPN INIT
 IPN SETUP CORRECTLYLog started: 2021-07-14 02:55
 CORRECT DATABASE
 IPN class loaded
 IPN INIT
 IPN SETUP CORRECTLYLog started: 2021-07-14 02:58
 CORRECT DATABASE
 IPN class loaded
 IPN INIT
 IPN SETUP CORRECTLYLog started: 2021-07-14 17:33
 CORRECT DATABASE
 IPN class loaded
 IPN INIT
 IPN SETUP CORRECTLYLog started: 2021-07-14 20:57
 CORRECT DATABASE
 IPN class loaded
 IPN INIT
 IPN SETUP CORRECTLYLog started: 2021-07-14 21:12
 CORRECT DATABASE
 IPN class loaded
 IPN INIT
 IPN SETUP CORRECTLYLog started: 2021-07-14 21:15
 CORRECT DATABASE
 IPN class loaded
 IPN INIT
 IPN SETUP CORRECTLYLog started: 2021-07-14 21:27
 CORRECT DATABASE
 IPN class loaded
 IPN INIT
 IPN SETUP CORRECTLYLog started: 2021-07-15 00:50
 CORRECT DATABASE
 IPN class loaded
 IPN INIT
 IPN SETUP CORRECTLYLog started: 2021-07-15 00:54
 CORRECT DATABASE
 IPN class loaded
 IPN INIT
 IPN SETUP CORRECTLYLog started: 2021-07-15 17:00
 CORRECT DATABASE
 IPN class loaded
 IPN INIT
 IPN SETUP CORRECTLYLog started: 2021-07-15 23:42
 CORRECT DATABASE
 IPN class loaded
 IPN INIT
 IPN SETUP CORRECTLYLog started: 2021-07-16 09:54
 CORRECT DATABASE
 IPN class loaded
 IPN INIT
 IPN SETUP CORRECTLYLog started: 2021-07-18 23:05
 CORRECT DATABASE
 IPN class loaded
 IPN INIT
 IPN SETUP CORRECTLYLog started: 2021-07-18 23:22
 CORRECT DATABASE
 IPN class loaded
 IPN INIT
 IPN SETUP CORRECTLYLog started: 2021-07-18 23:27
 CORRECT DATABASE
 IPN class loaded
 IPN INIT
 IPN SETUP CORRECTLYLog started: 2021-07-18 23:53
 CORRECT DATABASE
 IPN class loaded
 IPN INIT
 IPN SETUP CORRECTLYLog started: 2021-07-19 00:19
 CORRECT DATABASE
 IPN class loaded
 IPN INIT
 IPN SETUP CORRECTLYLog started: 2021-07-19 00:26
 CORRECT DATABASE
 IPN class loaded
 IPN INIT
 IPN SETUP CORRECTLYLog started: 2021-07-21 21:11
 CORRECT DATABASE
 IPN class loaded
 IPN INIT
 IPN SETUP CORRECTLYLog started: 2021-07-21 21:32
 CORRECT DATABASE
 IPN class loaded
 IPN INIT
 IPN SETUP CORRECTLYLog started: 2021-07-26 01:22
 CORRECT DATABASE
 IPN class loaded
 IPN INIT
 IPN SETUP CORRECTLY